// Vitest Snapshot v1

exports[`Mount component 1`] = `"<ul data-v-ff20e609=\\"\\" class=\\"v-list\\"></ul>"`;
