// Vitest Snapshot v1

exports[`Mount component 1`] = `"<span data-v-23a4d650=\\"\\" class=\\"v-icon\\"><i data-v-23a4d650=\\"\\" class=\\"\\" data-icon=\\"close\\"></i></span>"`;
