// Vitest Snapshot v1

exports[`Mount component 1`] = `"<div data-v-b9233e5b=\\"\\" class=\\"v-card-actions\\">Slot Content</div>"`;
