// Vitest Snapshot v1

exports[`Mount component 1`] = `
"Th
<mark data-v-0a28d51c=\\"\\" class=\\"highlight\\">is</mark>

<mark data-v-0a28d51c=\\"\\" class=\\"highlight\\">is</mark>
 a nice
<mark data-v-0a28d51c=\\"\\" class=\\"highlight\\">text</mark>"
`;
