// Vitest Snapshot v1

exports[`Mount component 1`] = `
"<div data-v-41b8fe03=\\"\\" class=\\"v-menu\\">
  <div data-v-41b8fe03=\\"\\" class=\\"v-menu-activator\\"></div>
  <!--teleport start-->
  <!--teleport end-->
</div>"
`;
