// Vitest Snapshot v1

exports[`Mount component 1`] = `"<div data-v-7bdf141c=\\"\\" class=\\"v-sheet\\">Slot Content</div>"`;
